// Jest Snapshot v1, https://goo.gl/fbAQLP

exports[`Snapshot test 1`] = `
<div
  className="Controls"
>
  <button
    className="Arrow left"
    onMouseDown={[Function]}
    onMouseUp={[Function]}
    onTouchEnd={[Function]}
    onTouchStart={[Function]}
  />
  <button
    className="shoot"
    onClick={[Function]}
  />
  <button
    className="Arrow right"
    onMouseDown={[Function]}
    onMouseUp={[Function]}
    onTouchEnd={[Function]}
    onTouchStart={[Function]}
  />
  <p
    className="Instructions small"
  >
    <strong>
      HINT:
    </strong>
     Use the 
    <strong>
      left
    </strong>
     and 
    <strong>
      right
    </strong>
     arrow keys to move your pastry bag, and the 
    <strong>
      spacebar
    </strong>
     (or click anywhere on the board) to shoot frosting.
  </p>
</div>
`;
